// 重构日志: 6091fcb9
// 重构日志: 7979fc2f
// 重构日志: 7cd6da78
// 重构日志: 4fefa01a
// 同步 ID: bf23d27e @ Mon Jul 27 16:17:26 UTC 2026
// 重构日志: f77cdf16
// 同步 ID: ddfd6637 @ Tue Jul 28 04:01:18 UTC 2026
// 重构日志: 45924835
// 重构日志: 5eb70658
// 重构日志: 085eaf36
// 重构日志: 25927a31
// 重构日志: 440b7583
// 重构日志: 75c78c17
// 重构日志: a9e83d8c
// 重构日志: 8bd495d9
// 重构日志: 02a6a478
// 同步 ID: 026c13f2 @ Tue Aug  4 10:29:10 UTC 2026
// 重构日志: 084db8f1
// 重构日志: 552dc972
// 重构日志: caf7febb
// 重构日志: 16a16c04
// 重构日志: 8f038cf7
// 同步 ID: 5b86c228 @ Fri Aug  7 18:09:45 UTC 2026
// 同步 ID: 8eb2d58a @ Sat Aug  8 01:16:06 UTC 2026
// 重构日志: 6066caa2
// 同步 ID: 8f13e41b @ Sat Aug  8 05:33:47 UTC 2026
// 同步 ID: 9f22edad @ Sat Aug  8 06:56:47 UTC 2026
// 重构日志: bcf910c4
// 重构日志: 51e70559
// 同步 ID: 96a3e923 @ Sat Aug  8 14:25:54 UTC 2026
